---
source: mafia-game-server-lib/src/tests/server.rs
expression: server.take_events(client2_token).unwrap()
---
[
  {
    "SetServerInfo": {
      "connected_clients": [
        {
          "name": "garnet",
          "id": 0
        },
        {
          "name": "amethyst",
          "id": 1
        },
        {
          "name": "pearl",
          "id": 2
        }
      ],
      "active_game": null
    }
  },
  {
    "ClientConnected": {
      "name": "steven",
      "id": 3
    }
  },
  {
    "ClientConnected": {
      "name": "connie",
      "id": 4
    }
  },
  {
    "ClientConnected": {
      "name": "pink",
      "id": 5
    }
  },
  {
    "ClientConnected": {
      "name": "blue",
      "id": 6
    }
  },
  {
    "MessageReceived": {
      "channel": "Public",
      "contents": "game is starting!",
      "from": "System"
    }
  },
  {
    "SetGame": {
      "cycle_start_time_unix_ts_secs": 0,
      "cycle_duration_secs": 10,
      "current_cycle": "Day",
      "day_num": 1,
      "player_to_role": {
        "2": "Detective"
      },
      "player_status": {
        "0": "Alive",
        "1": "Alive",
        "2": "Alive",
        "3": "Alive",
        "4": "Alive",
        "5": "Alive",
        "6": "Alive"
      },
      "votes": {},
      "winner": null
    }
  },
  {
    "ClientConnected": {
      "name": "yellow",
      "id": 7
    }
  },
  {
    "MessageReceived": {
      "channel": "Public",
      "contents": "hey everyone!",
      "from": {
        "Client": 0
      }
    }
  },
  {
    "MessageReceived": {
      "channel": "Public",
      "contents": "hey hey",
      "from": {
        "Client": 1
      }
    }
  },
  {
    "MessageReceived": {
      "channel": "Public",
      "contents": "hi!",
      "from": {
        "Client": 3
      }
    }
  },
  {
    "VoteIssued": {
      "voter": 0,
      "target": null,
      "channel": "Public"
    }
  },
  {
    "VoteIssued": {
      "voter": 1,
      "target": null,
      "channel": "Public"
    }
  },
  {
    "VoteIssued": {
      "voter": 2,
      "target": null,
      "channel": "Public"
    }
  },
  {
    "VoteIssued": {
      "voter": 3,
      "target": null,
      "channel": "Public"
    }
  },
  {
    "VoteIssued": {
      "voter": 4,
      "target": null,
      "channel": "Public"
    }
  },
  {
    "VoteIssued": {
      "voter": 5,
      "target": null,
      "channel": "Public"
    }
  },
  {
    "VoteIssued": {
      "voter": 6,
      "target": null,
      "channel": "Public"
    }
  },
  {
    "FailedVote": {
      "cycle": "Day",
      "channel": "Public"
    }
  },
  {
    "SetCycle": {
      "cycle": "Night",
      "day_num": 1
    }
  },
  {
    "ClientConnected": {
      "name": "white",
      "id": 8
    }
  },
  {
    "VoteIssued": {
      "voter": 2,
      "target": 6,
      "channel": "Spectator"
    }
  },
  {
    "PlayerKilled": {
      "player": 3,
      "cycle": "Night",
      "death_message": "was found stabbed to death"
    }
  },
  {
    "PlayerInvestigated": {
      "actor": 2,
      "target": 6,
      "allegiance": "Mafia"
    }
  },
  {
    "SetCycle": {
      "cycle": "Day",
      "day_num": 2
    }
  },
  {
    "MessageReceived": {
      "channel": "Public",
      "contents": "detective here, blue is mafia",
      "from": {
        "Client": 2
      }
    }
  },
  {
    "MessageReceived": {
      "channel": "Public",
      "contents": "how can we trust you?",
      "from": {
        "Client": 0
      }
    }
  },
  {
    "MessageReceived": {
      "channel": "Public",
      "contents": "idk",
      "from": {
        "Client": 2
      }
    }
  },
  {
    "MessageReceived": {
      "channel": "Public",
      "contents": "seems legit",
      "from": {
        "Client": 4
      }
    }
  },
  {
    "MessageReceived": {
      "channel": "Public",
      "contents": "hold on!!",
      "from": {
        "Client": 6
      }
    }
  },
  {
    "VoteIssued": {
      "voter": 0,
      "target": 2,
      "channel": "Public"
    }
  },
  {
    "VoteIssued": {
      "voter": 1,
      "target": 6,
      "channel": "Public"
    }
  },
  {
    "VoteIssued": {
      "voter": 2,
      "target": 6,
      "channel": "Public"
    }
  },
  {
    "VoteIssued": {
      "voter": 4,
      "target": 6,
      "channel": "Public"
    }
  },
  {
    "VoteIssued": {
      "voter": 5,
      "target": 6,
      "channel": "Public"
    }
  },
  {
    "VoteIssued": {
      "voter": 6,
      "target": 2,
      "channel": "Public"
    }
  },
  {
    "PlayerKilled": {
      "player": 6,
      "cycle": "Day",
      "death_message": "was hung for their unforgivable sins"
    }
  },
  {
    "SetCycle": {
      "cycle": "Night",
      "day_num": 2
    }
  },
  {
    "MessageReceived": {
      "channel": "Spectator",
      "contents": "garnet seems sus",
      "from": {
        "Client": 2
      }
    }
  },
  {
    "VoteIssued": {
      "voter": 2,
      "target": 0,
      "channel": "Spectator"
    }
  },
  {
    "PlayerInvestigated": {
      "actor": 2,
      "target": 0,
      "allegiance": "Mafia"
    }
  },
  {
    "SetCycle": {
      "cycle": "Day",
      "day_num": 3
    }
  },
  {
    "MessageReceived": {
      "channel": "Public",
      "contents": "wow good job doctor!",
      "from": {
        "Client": 5
      }
    }
  },
  {
    "MessageReceived": {
      "channel": "Public",
      "contents": "garnet is the other mafia",
      "from": {
        "Client": 2
      }
    }
  },
  {
    "MessageReceived": {
      "channel": "Public",
      "contents": "no!",
      "from": {
        "Client": 0
      }
    }
  },
  {
    "VoteIssued": {
      "voter": 0,
      "target": 2,
      "channel": "Public"
    }
  },
  {
    "VoteIssued": {
      "voter": 1,
      "target": 0,
      "channel": "Public"
    }
  },
  {
    "VoteIssued": {
      "voter": 2,
      "target": 0,
      "channel": "Public"
    }
  },
  {
    "VoteIssued": {
      "voter": 4,
      "target": 0,
      "channel": "Public"
    }
  },
  {
    "VoteIssued": {
      "voter": 5,
      "target": 0,
      "channel": "Public"
    }
  },
  {
    "PlayerKilled": {
      "player": 0,
      "cycle": "Day",
      "death_message": "was hung for their unforgivable sins"
    }
  },
  {
    "GameWon": {
      "player_to_role": {
        "0": "Mafia",
        "1": "Doctor",
        "2": "Detective",
        "6": "Mafia"
      },
      "side": "Villagers"
    }
  },
  {
    "MessageReceived": {
      "channel": "Public",
      "contents": "villagers won",
      "from": "System"
    }
  },
  {
    "MessageReceived": {
      "channel": "Public",
      "contents": "shit",
      "from": {
        "Client": 0
      }
    }
  },
  {
    "MessageReceived": {
      "channel": "Public",
      "contents": "gg",
      "from": {
        "Client": 6
      }
    }
  },
  {
    "MessageReceived": {
      "channel": "Public",
      "contents": "yeah gg all",
      "from": {
        "Client": 2
      }
    }
  },
  {
    "MessageReceived": {
      "channel": "Public",
      "contents": "hope to join the next one!",
      "from": {
        "Client": 7
      }
    }
  }
]
